<html>
<body>
<pre>
<h1>µVision Build Log</h1>
<h2>Tool Versions:</h2>
IDE-Version: ¦ÌVision V5.15
Copyright (C) 2015 ARM Ltd and ARM Germany GmbH. All rights reserved.
License Information: xx Microsoft, Microsoft, LIC=DSNII-TLR9T-PFGIX-HUXF4-9LM2X-E6CUG
 
Tool Versions:
Toolchain:       MDK-ARM Professional  Version: 5.15.0
Toolchain Path:  C:\Keil_v5\ARM\ARMCC\Bin
C Compiler:      Armcc.exe V5.05 update 2 (build 169)
Assembler:       Armasm.exe V5.05 update 2 (build 169)
Linker/Locator:  ArmLink.exe V5.05 update 2 (build 169)
Library Manager: ArmAr.exe V5.05 update 2 (build 169)
Hex Converter:   FromElf.exe V5.05 update 2 (build 169)
CPU DLL:         SARMCM3.DLL V5.15.0
Dialog DLL:      DCM.DLL V1.13.2.0
Target DLL:      Segger\JL2CM3.dll V2.99.15.0
Dialog DLL:      TCM.DLL V1.14.5.0
 
<h2>Project:</h2>
D:\reyno\git\DP17_endpoint\software\universal\Project\RVMDK£¨uv5£©\ISO-STM32.uvprojx
Project File Date:  02/06/2018

<h2>Output:</h2>
*** Using Compiler 'V5.05 update 2 (build 169)', folder: 'C:\Keil_v5\ARM\ARMCC\Bin'
Build target 'DP17_endpoint'
compiling can.c...
..\..\User\can\can.c(80): warning:  #223-D: function "hal_can_buffer_init" declared implicitly
        hal_can_buffer_init();
..\..\User\can\can.c(143): warning:  #223-D: function "memcpy" declared implicitly
                        memcpy(p_hal_can_frame->p_data, &p_can_recv_single->Data, CAN_DATA_LEN_MAX);
..\..\User\can\can.c(130): warning:  #550-D: variable "length" was set but never used
        unsigned char length;
..\..\User\can\can.c(192): warning:  #61-D: integer operation result is out of range
        frame.ExtId = ((
AN_ID << 20) | (1 << 31));
..\..\User\can\can.c(183): warning:  #177-D: variable "ret" was declared but never referenced
        int ret;
..\..\User\can\can.c: 5 warnings, 0 errors
linking...
Program Size: Code=9060 RO-data=380 RW-data=132 ZI-data=50924  
".\Objects\ISO-STM32.axf" - 0 Error(s), 5 Warning(s).

<h2>Collection of Component include folders:</h2>
  D:\reyno\git\DP17_endpoint\software\universal\Project\RVMDK£¨uv5£©\RTE
  C:\Keil_v5\ARM\PACK\Keil\STM32F1xx_DFP\1.1.0\Device\Include

<h2>Collection of Component Files used:</h2>
</pre>
</body>
</html>
